11/21/2025, 6:44:53 AM UTC 0: 

----------------------------------------------
11/21/2025, 6:44:53 AM UTC 1: Discord starting: {"releaseChannel":"stable","version":"0.0.115"}, modulepath: /home/typo/.config/discord/0.0.115/modules
11/21/2025, 6:44:53 AM UTC 2: ✅ webContents.created web1 "index.html"
11/21/2025, 6:44:53 AM UTC 3: ✅ window.created win1 "discord"
11/21/2025, 6:44:53 AM UTC 4: ✅ webContents.did-finish-load web1
11/21/2025, 6:45:14 AM UTC 5: ✅ webContents.created web2 ""
11/21/2025, 6:45:14 AM UTC 6: ✅ window.created win2 "Discord"
11/21/2025, 6:45:16 AM UTC 7: ✅ webContents.did-finish-load web2
11/21/2025, 6:45:17 AM UTC 8: window.close win1
11/21/2025, 6:45:17 AM UTC 9: webContents.destroyed web1
11/21/2025, 6:45:17 AM UTC 10: window.closed win1
11/21/2025, 7:23:51 AM UTC 0: 

----------------------------------------------
11/22/2025, 9:26:57 AM UTC 0: 

----------------------------------------------
11/22/2025, 9:26:58 AM UTC 1: Discord starting: {"releaseChannel":"stable","version":"0.0.115"}, modulepath: /home/typo/.config/discord/0.0.115/modules
11/22/2025, 9:26:58 AM UTC 2: ✅ webContents.created web1 ""
11/22/2025, 9:26:58 AM UTC 3: ✅ window.created win1 "discord"
11/22/2025, 9:26:59 AM UTC 4: ✅ webContents.did-finish-load web1
11/22/2025, 9:26:59 AM UTC 5: ✅ webContents.created web2 ""
11/22/2025, 9:26:59 AM UTC 6: ✅ window.created win2 "Discord"
11/22/2025, 9:27:01 AM UTC 7: ✅ webContents.did-finish-load web2
11/22/2025, 9:27:02 AM UTC 8: window.close win1
11/22/2025, 9:27:03 AM UTC 9: webContents.destroyed web1
11/22/2025, 9:27:03 AM UTC 10: window.closed win1
11/22/2025, 9:48:33 AM UTC 0: 

----------------------------------------------
11/22/2025, 9:48:33 AM UTC 1: Discord starting: {"releaseChannel":"stable","version":"0.0.115"}, modulepath: /home/typo/.config/discord/0.0.115/modules
11/22/2025, 9:48:33 AM UTC 2: ✅ webContents.created web1 "index.html"
11/22/2025, 9:48:34 AM UTC 3: ✅ window.created win1 "discord"
11/22/2025, 9:48:34 AM UTC 4: ✅ webContents.did-finish-load web1
11/22/2025, 9:48:34 AM UTC 5: ✅ webContents.created web2 ""
11/22/2025, 9:48:34 AM UTC 6: ✅ window.created win2 "Discord"
11/22/2025, 9:48:35 AM UTC 7: ✅ webContents.did-finish-load web2
11/22/2025, 9:48:36 AM UTC 8: window.close win1
11/22/2025, 9:48:36 AM UTC 9: webContents.destroyed web1
11/22/2025, 9:48:36 AM UTC 10: window.closed win1
11/22/2025, 10:12:45 AM UTC 0: 

----------------------------------------------
11/22/2025, 11:03:59 AM UTC 0: 

----------------------------------------------
11/22/2025, 11:04:05 AM UTC 0: 

----------------------------------------------
11/23/2025, 3:16:44 AM GMT+13 11: window.close win2
