[2025-Nov-21 06:45:30.058 +00:00][ 9421: 9421][info ] Logging initialized
[2025-Nov-21 06:45:30.058 +00:00][ 9421: 9421][info ] Initializing krisp SDK...
[2025-Nov-21 06:45:30.058 +00:00][ 9421: 9421][info ] DoKrispInitialize
[2025-Nov-21 06:45:30.420 +00:00][ 9421: 9421][info ] LoadDynamicKrisp
[2025-Nov-21 06:45:30.420 +00:00][ 9421: 9421][info ] Did not find KRISP_DYLIB_PATH, skipping dynamic loading
[2025-Nov-21 06:45:30.420 +00:00][ 9421: 9421][info ] Initializing Krisp SDK in PID 9421, addr 0x7f56e562cf90
[2025-Nov-21 06:45:30.420 +00:00][ 9421: 9421][info ] Initialized Krisp SDK successfully
[2025-Nov-21 06:45:30.420 +00:00][ 9421: 9421][info ] Krisp SDK initialized
[2025-Nov-22 09:27:03.203 +00:00][14511:14511][info ] Logging initialized
[2025-Nov-22 09:27:03.203 +00:00][14511:14511][info ] Initializing krisp SDK...
[2025-Nov-22 09:27:03.203 +00:00][14511:14511][info ] DoKrispInitialize
[2025-Nov-22 09:27:03.677 +00:00][14511:14511][info ] LoadDynamicKrisp
[2025-Nov-22 09:27:03.677 +00:00][14511:14511][info ] Did not find KRISP_DYLIB_PATH, skipping dynamic loading
[2025-Nov-22 09:27:03.677 +00:00][14511:14511][info ] Initializing Krisp SDK in PID 14511, addr 0x7f0b22b3cf90
[2025-Nov-22 09:27:03.677 +00:00][14511:14511][info ] Initialized Krisp SDK successfully
[2025-Nov-22 09:27:03.677 +00:00][14511:14511][info ] Krisp SDK initialized
[2025-Nov-22 09:48:36.347 +00:00][21780:21780][info ] Logging initialized
[2025-Nov-22 09:48:36.347 +00:00][21780:21780][info ] Initializing krisp SDK...
[2025-Nov-22 09:48:36.347 +00:00][21780:21780][info ] DoKrispInitialize
[2025-Nov-22 09:48:36.700 +00:00][21780:21780][info ] LoadDynamicKrisp
[2025-Nov-22 09:48:36.700 +00:00][21780:21780][info ] Did not find KRISP_DYLIB_PATH, skipping dynamic loading
[2025-Nov-22 09:48:36.700 +00:00][21780:21780][info ] Initializing Krisp SDK in PID 21780, addr 0x7fbb0573cf90
[2025-Nov-22 09:48:36.701 +00:00][21780:21780][info ] Initialized Krisp SDK successfully
[2025-Nov-22 09:48:36.701 +00:00][21780:21780][info ] Krisp SDK initialized
[2025-Nov-22 09:49:41.358 +00:00][21780:21821][info ] KrispNCSetup: sampleRate = 48000, duration = 10
[2025-Nov-22 09:49:41.358 +00:00][21780:21821][info ] Setting Krisp model: full_NC
[2025-Nov-22 09:50:02.357 +00:00][21780:21808][info ] KrispNCReset
[2025-Nov-22 09:50:06.507 +00:00][21780:21821][info ] KrispNCSetup: sampleRate = 48000, duration = 10
[2025-Nov-22 09:50:06.507 +00:00][21780:21821][info ] Setting Krisp model: full_NC
[2025-Nov-22 09:50:36.003 +00:00][21780:21808][info ] KrispNCReset
[2025-Nov-22 09:50:36.352 +00:00][21780:21821][info ] KrispNCSetup: sampleRate = 48000, duration = 10
[2025-Nov-22 09:50:36.352 +00:00][21780:21821][info ] Setting Krisp model: full_NC
[2025-Nov-22 09:50:57.152 +00:00][21780:21808][info ] KrispNCReset
[2025-Nov-22 09:50:58.794 +00:00][21780:21821][info ] KrispNCSetup: sampleRate = 48000, duration = 10
[2025-Nov-22 09:50:58.794 +00:00][21780:21821][info ] Setting Krisp model: full_NC
[2025-Nov-22 09:51:07.257 +00:00][21780:21808][info ] KrispNCReset
[2025-Nov-22 09:51:44.361 +00:00][21780:21821][info ] KrispNCSetup: sampleRate = 48000, duration = 10
[2025-Nov-22 09:51:44.361 +00:00][21780:21821][info ] Setting Krisp model: full_NC
[2025-Nov-22 09:51:46.742 +00:00][21780:21808][info ] KrispNCReset
